110.150.168.8 - - [03/Apr/2018:08:20:34 -0400] "GET / HTTP/1.1" 200 72035 www.krow.network "https://www.reddit.com/r/InternetIsInteresting/" "Mozilla/5.0 (X11; Ubuntu; Linux x86_64; rv:59.0) Gecko/20100101 Firefox/59.0" "-"
110.150.168.8 - - [03/Apr/2018:08:20:34 -0400] "GET /assets/css/vendor.bundle.css HTTP/1.1" 200 216959 www.krow.network "https://www.krow.network/" "Mozilla/5.0 (X11; Ubuntu; Linux x86_64; rv:59.0) Gecko/20100101 Firefox/59.0" "-"
110.150.168.8 - - [03/Apr/2018:08:20:34 -0400] "GET /assets/css/style.css?ver=1.1 HTTP/1.1" 200 103367 www.krow.network "https://www.krow.network/" "Mozilla/5.0 (X11; Ubuntu; Linux x86_64; rv:59.0) Gecko/20100101 Firefox/59.0" "-"
110.150.168.8 - - [03/Apr/2018:08:20:34 -0400] "GET /assets/css/theme.css?ver=1.1 HTTP/1.1" 200 13097 www.krow.network "https://www.krow.network/" "Mozilla/5.0 (X11; Ubuntu; Linux x86_64; rv:59.0) Gecko/20100101 Firefox/59.0" "-"
110.150.168.8 - - [03/Apr/2018:08:20:34 -0400] "GET /images/header-2.png HTTP/1.1" 200 4587 www.krow.network "https://www.krow.network/" "Mozilla/5.0 (X11; Ubuntu; Linux x86_64; rv:59.0) Gecko/20100101 Firefox/59.0" "-"
110.150.168.8 - - [03/Apr/2018:08:20:34 -0400] "GET /images/info-1.png HTTP/1.1" 200 106356 www.krow.network "https://www.krow.network/" "Mozilla/5.0 (X11; Ubuntu; Linux x86_64; rv:59.0) Gecko/20100101 Firefox/59.0" "-"
110.150.168.8 - - [03/Apr/2018:08:20:34 -0400] "GET /images/690.png HTTP/1.1" 200 59169 www.krow.network "https://www.krow.network/" "Mozilla/5.0 (X11; Ubuntu; Linux x86_64; rv:59.0) Gecko/20100101 Firefox/59.0" "-"
110.150.168.8 - - [03/Apr/2018:08:20:34 -0400] "GET /images/Mac-and-iphone.png HTTP/1.1" 200 119860 www.krow.network "https://www.krow.network/" "Mozilla/5.0 (X11; Ubuntu; Linux x86_64; rv:59.0) Gecko/20100101 Firefox/59.0" "-"
110.150.168.8 - - [03/Apr/2018:08:20:34 -0400] "GET /images/Vector-Smart-Object2.png HTTP/1.1" 200 35517 www.krow.network "https://www.krow.network/" "Mozilla/5.0 (X11; Ubuntu; Linux x86_64; rv:59.0) Gecko/20100101 Firefox/59.0" "-"
110.150.168.8 - - [03/Apr/2018:08:20:36 -0400] "GET /images/Vector-Smart-Object13.png HTTP/1.1" 200 27173 www.krow.network "https://www.krow.network/" "Mozilla/5.0 (X11; Ubuntu; Linux x86_64; rv:59.0) Gecko/20100101 Firefox/59.0" "-"
110.150.168.8 - - [03/Apr/2018:08:20:39 -0400] "GET /assets/js/jquery.bundle.js HTTP/1.1" 200 295087 www.krow.network "https://www.krow.network/" "Mozilla/5.0 (X11; Ubuntu; Linux x86_64; rv:59.0) Gecko/20100101 Firefox/59.0" "-"
110.150.168.8 - - [03/Apr/2018:08:20:39 -0400] "GET /assets/js/script.js HTTP/1.1" 200 11203 www.krow.network "https://www.krow.network/" "Mozilla/5.0 (X11; Ubuntu; Linux x86_64; rv:59.0) Gecko/20100101 Firefox/59.0" "-"
110.150.168.8 - - [03/Apr/2018:08:20:39 -0400] "GET /assets/images/header-bottom.png HTTP/1.1" 200 26959 www.krow.network "https://www.krow.network/assets/css/style.css?ver=1.1" "Mozilla/5.0 (X11; Ubuntu; Linux x86_64; rv:59.0) Gecko/20100101 Firefox/59.0" "-"
110.150.168.8 - - [03/Apr/2018:08:20:39 -0400] "GET /assets/images/particle-left.png HTTP/1.1" 200 5431 www.krow.network "https://www.krow.network/assets/css/style.css?ver=1.1" "Mozilla/5.0 (X11; Ubuntu; Linux x86_64; rv:59.0) Gecko/20100101 Firefox/59.0" "-"
110.150.168.8 - - [03/Apr/2018:08:20:39 -0400] "GET /assets/images/particle-right.png HTTP/1.1" 200 6275 www.krow.network "https://www.krow.network/assets/css/style.css?ver=1.1" "Mozilla/5.0 (X11; Ubuntu; Linux x86_64; rv:59.0) Gecko/20100101 Firefox/59.0" "-"
110.150.168.8 - - [03/Apr/2018:08:20:39 -0400] "GET /assets/images/footer-bg.png HTTP/1.1" 200 14762 www.krow.network "https://www.krow.network/assets/css/style.css?ver=1.1" "Mozilla/5.0 (X11; Ubuntu; Linux x86_64; rv:59.0) Gecko/20100101 Firefox/59.0" "-"
110.150.168.8 - - [03/Apr/2018:08:20:39 -0400] "GET /assets/fonts/Poppins-SemiBold.woff2 HTTP/1.1" 200 48924 www.krow.network "https://www.krow.network/assets/css/style.css?ver=1.1" "Mozilla/5.0 (X11; Ubuntu; Linux x86_64; rv:59.0) Gecko/20100101 Firefox/59.0" "-"
110.150.168.8 - - [03/Apr/2018:08:20:39 -0400] "GET /assets/fonts/Poppins-Light.woff2 HTTP/1.1" 200 49268 www.krow.network "https://www.krow.network/assets/css/style.css?ver=1.1" "Mozilla/5.0 (X11; Ubuntu; Linux x86_64; rv:59.0) Gecko/20100101 Firefox/59.0" "-"
110.150.168.8 - - [03/Apr/2018:08:20:40 -0400] "GET /assets/fonts/fontawesome-webfont.woff2?v=4.7.0 HTTP/1.1" 200 77160 www.krow.network "https://www.krow.network/assets/css/vendor.bundle.css" "Mozilla/5.0 (X11; Ubuntu; Linux x86_64; rv:59.0) Gecko/20100101 Firefox/59.0" "-"
110.150.168.8 - - [03/Apr/2018:08:20:41 -0400] "GET /assets/fonts/Poppins-Medium.woff2 HTTP/1.1" 200 49368 www.krow.network "https://www.krow.network/assets/css/style.css?ver=1.1" "Mozilla/5.0 (X11; Ubuntu; Linux x86_64; rv:59.0) Gecko/20100101 Firefox/59.0" "-"
110.150.168.8 - - [03/Apr/2018:08:20:41 -0400] "GET /assets/fonts/Poppins-Regular.woff2 HTTP/1.1" 200 49516 www.krow.network "https://www.krow.network/assets/css/style.css?ver=1.1" "Mozilla/5.0 (X11; Ubuntu; Linux x86_64; rv:59.0) Gecko/20100101 Firefox/59.0" "-"
110.150.168.8 - - [03/Apr/2018:08:20:41 -0400] "GET /assets/fonts/themify.woff?-fvbane HTTP/1.1" 200 56108 www.krow.network "https://www.krow.network/assets/css/vendor.bundle.css" "Mozilla/5.0 (X11; Ubuntu; Linux x86_64; rv:59.0) Gecko/20100101 Firefox/59.0" "-"
110.150.168.8 - - [03/Apr/2018:08:20:42 -0400] "GET /images/krow-logo.png HTTP/1.1" 200 29210 www.krow.network "-" "Mozilla/5.0 (X11; Ubuntu; Linux x86_64; rv:59.0) Gecko/20100101 Firefox/59.0" "-"
185.204.1.60 - - [03/Apr/2018:08:20:58 -0400] "HEAD /www.krow.network_dump.rar HTTP/1.1" 404 - krow.network "http://krow.network/" "Mozilla/5.0 (Windows; U; Windows NT 6.1; en-US) AppleWebKit/534.16 (KHTML, like Gecko) Chrome/10.0.648.11 Safari/534.16" "-"
185.204.1.60 - - [03/Apr/2018:08:23:23 -0400] "HEAD /krow.network_dump.rar HTTP/1.1" 404 - www.krow.network "http://www.krow.network/" "Mozilla/5.0 (Windows; U; Windows NT 6.1; en-US) AppleWebKit/534.16 (KHTML, like Gecko) Chrome/10.0.648.11 Safari/534.16" "-"
185.204.1.60 - - [03/Apr/2018:08:25:56 -0400] "HEAD /www.krow.network_dump.sql HTTP/1.1" 404 - krow.network "http://krow.network/" "Mozilla/5.0 (Windows; U; Windows NT 6.1; en-US) AppleWebKit/534.16 (KHTML, like Gecko) Chrome/10.0.648.11 Safari/534.16" "-"
2a03:2880:2111:afe6:face:b00c:0:8000 - - [03/Apr/2018:08:27:33 -0400] "GET /images/info-1.png HTTP/1.1" 200 106356 www.krow.network "-" "facebookexternalhit/1.1 (+http://www.facebook.com/externalhit_uatext.php)" "-"
185.204.1.60 - - [03/Apr/2018:08:28:20 -0400] "HEAD /krow.network_dump.sql HTTP/1.1" 404 - www.krow.network "http://www.krow.network/" "Mozilla/5.0 (Windows; U; Windows NT 6.1; en-US) AppleWebKit/534.16 (KHTML, like Gecko) Chrome/10.0.648.11 Safari/534.16" "-"
185.204.1.60 - - [03/Apr/2018:08:30:57 -0400] "HEAD /www.krow.network_dump.sql.gz HTTP/1.1" 404 - krow.network "http://krow.network/" "Mozilla/5.0 (Windows; U; Windows NT 6.1; en-US) AppleWebKit/534.16 (KHTML, like Gecko) Chrome/10.0.648.11 Safari/534.16" "-"
185.204.1.60 - - [03/Apr/2018:08:33:20 -0400] "HEAD /krow.network_dump.sql.gz HTTP/1.1" 404 - www.krow.network "http://www.krow.network/" "Mozilla/5.0 (Windows; U; Windows NT 6.1; en-US) AppleWebKit/534.16 (KHTML, like Gecko) Chrome/10.0.648.11 Safari/534.16" "-"
185.204.1.60 - - [03/Apr/2018:08:35:53 -0400] "HEAD /www.krow.network_dump.sql.tar HTTP/1.1" 404 - krow.network "http://krow.network/" "Mozilla/5.0 (Windows; U; Windows NT 6.1; en-US) AppleWebKit/534.16 (KHTML, like Gecko) Chrome/10.0.648.11 Safari/534.16" "-"
185.204.1.60 - - [03/Apr/2018:08:38:17 -0400] "HEAD /krow.network_dump.sql.tar HTTP/1.1" 404 - www.krow.network "http://www.krow.network/" "Mozilla/5.0 (Windows; U; Windows NT 6.1; en-US) AppleWebKit/534.16 (KHTML, like Gecko) Chrome/10.0.648.11 Safari/534.16" "-"
74.91.50.57 - - [03/Apr/2018:08:39:49 -0400] "GET /crowdsale HTTP/1.1" 404 631 www.krow.network "-" "Mozilla/5.0 (Windows NT 10.0; Win64; x64) AppleWebKit/537.36 (KHTML, like Gecko) Chrome/57.0.2987.133 Safari/537.36" "-"
185.204.1.60 - - [03/Apr/2018:08:40:51 -0400] "HEAD /www.krow.network_dump.tar HTTP/1.1" 404 - krow.network "http://krow.network/" "Mozilla/5.0 (Windows; U; Windows NT 6.1; en-US) AppleWebKit/534.16 (KHTML, like Gecko) Chrome/10.0.648.11 Safari/534.16" "-"
185.204.1.60 - - [03/Apr/2018:08:43:12 -0400] "HEAD /krow.network_dump.tar HTTP/1.1" 404 - www.krow.network "http://www.krow.network/" "Mozilla/5.0 (Windows; U; Windows NT 6.1; en-US) AppleWebKit/534.16 (KHTML, like Gecko) Chrome/10.0.648.11 Safari/534.16" "-"
17.58.97.44 - - [03/Apr/2018:08:44:56 -0400] "GET / HTTP/1.1" 200 72035 www.krow.network "-" "Mozilla/5.0 (Macintosh; Intel Mac OS X 10_10_1) AppleWebKit/600.2.5 (KHTML, like Gecko) Version/8.0.2 Safari/600.2.5 (Applebot/0.1; +http://www.apple.com/go/applebot)" "-"
17.58.97.44 - - [03/Apr/2018:08:44:56 -0400] "GET / HTTP/1.1" 200 72035 www.krow.network "-" "Mozilla/5.0 (Macintosh; Intel Mac OS X 10_10_1) AppleWebKit/600.2.5 (KHTML, like Gecko) Version/8.0.2 Safari/600.2.5 (Applebot/0.1; +http://www.apple.com/go/applebot)" "-"
144.76.22.195 - - [03/Apr/2018:08:45:26 -0400] "GET /robots.txt HTTP/1.1" 404 631 www.krow.network "-" "Mozilla/5.0 (Macintosh; U; PPC Mac OS X Mach-O; en-US; rv:1.8.1b1) Gecko/20061110 Firefox/2.0b3" "-"
144.76.22.195 - - [03/Apr/2018:08:45:27 -0400] "GET / HTTP/1.1" 200 72035 www.krow.network "-" "Mozilla/5.0 (Macintosh; U; PPC Mac OS X Mach-O; en-US; rv:1.8.1b1) Gecko/20061110 Firefox/2.0b3" "-"
185.204.1.60 - - [03/Apr/2018:08:45:44 -0400] "HEAD /www.krow.network_dump.tar.gz HTTP/1.1" 404 - krow.network "http://krow.network/" "Mozilla/5.0 (Windows; U; Windows NT 6.1; en-US) AppleWebKit/534.16 (KHTML, like Gecko) Chrome/10.0.648.11 Safari/534.16" "-"
52.27.2.86 - - [03/Apr/2018:08:46:10 -0400] "GET / HTTP/1.1" 200 72035 www.krow.network "-" "Mozilla/4.0 (compatible; MSIE 8.0; Windows NT 5.1; Trident/4.0)" "-"
54.36.149.197 - - [03/Apr/2018:08:46:19 -0400] "GET / HTTP/1.1" 200 72035 www.krow.network "-" "Mozilla/5.0 (compatible; AhrefsBot/5.2; News; +http://ahrefs.com/robot/)" "-"
185.204.1.60 - - [03/Apr/2018:08:48:12 -0400] "HEAD /krow.network_dump.tar.gz HTTP/1.1" 404 - www.krow.network "http://www.krow.network/" "Mozilla/5.0 (Windows; U; Windows NT 6.1; en-US) AppleWebKit/534.16 (KHTML, like Gecko) Chrome/10.0.648.11 Safari/534.16" "-"
185.204.1.60 - - [03/Apr/2018:08:50:46 -0400] "HEAD /www.krow.network_dump.zip HTTP/1.1" 404 - krow.network "http://krow.network/" "Mozilla/5.0 (Windows; U; Windows NT 6.1; en-US) AppleWebKit/534.16 (KHTML, like Gecko) Chrome/10.0.648.11 Safari/534.16" "-"
185.204.1.60 - - [03/Apr/2018:08:53:08 -0400] "HEAD /krow.network_dump.zip HTTP/1.1" 404 - www.krow.network "http://www.krow.network/" "Mozilla/5.0 (Windows; U; Windows NT 6.1; en-US) AppleWebKit/534.16 (KHTML, like Gecko) Chrome/10.0.648.11 Safari/534.16" "-"
2a03:2880:2111:bfeb:face:b00c:0:8000 - - [03/Apr/2018:08:54:53 -0400] "GET /images/info-1.png HTTP/1.1" 200 106356 www.krow.network "-" "facebookexternalhit/1.1 (+http://www.facebook.com/externalhit_uatext.php)" "-"
185.204.1.60 - - [03/Apr/2018:08:55:37 -0400] "HEAD /www.krow.network_MySQL.sql HTTP/1.1" 404 - krow.network "http://krow.network/" "Mozilla/5.0 (Windows; U; Windows NT 6.1; en-US) AppleWebKit/534.16 (KHTML, like Gecko) Chrome/10.0.648.11 Safari/534.16" "-"
185.204.1.60 - - [03/Apr/2018:08:58:01 -0400] "HEAD /krow.network_MySQL.sql HTTP/1.1" 404 - www.krow.network "http://www.krow.network/" "Mozilla/5.0 (Windows; U; Windows NT 6.1; en-US) AppleWebKit/534.16 (KHTML, like Gecko) Chrome/10.0.648.11 Safari/534.16" "-"
185.204.1.60 - - [03/Apr/2018:09:00:33 -0400] "HEAD /www.krow.networkbackup.7z HTTP/1.1" 404 - krow.network "http://krow.network/" "Mozilla/5.0 (Windows; U; Windows NT 6.1; en-US) AppleWebKit/534.16 (KHTML, like Gecko) Chrome/10.0.648.11 Safari/534.16" "-"
185.204.1.60 - - [03/Apr/2018:09:02:54 -0400] "HEAD /krow.networkbackup.7z HTTP/1.1" 404 - www.krow.network "http://www.krow.network/" "Mozilla/5.0 (Windows; U; Windows NT 6.1; en-US) AppleWebKit/534.16 (KHTML, like Gecko) Chrome/10.0.648.11 Safari/534.16" "-"
50.19.154.226 - - [03/Apr/2018:09:03:01 -0400] "GET / HTTP/1.1" 200 72035 krow.network "-" "Mozilla/4.0 (compatible; MSIE 8.0; Windows NT 5.1; Trident/4.0)" "-"
17.142.157.79 - - [03/Apr/2018:09:04:46 -0400] "GET / HTTP/1.1" 200 72035 www.krow.network "-" "Mozilla/5.0 (Macintosh; Intel Mac OS X 10_10_1) AppleWebKit/600.2.5 (KHTML, like Gecko) Version/8.0.2 Safari/600.2.5 (Applebot/0.1; +http://www.apple.com/go/applebot)" "-"
17.142.157.79 - - [03/Apr/2018:09:04:47 -0400] "GET / HTTP/1.1" 200 72035 www.krow.network "-" "Mozilla/5.0 (Macintosh; Intel Mac OS X 10_10_1) AppleWebKit/600.2.5 (KHTML, like Gecko) Version/8.0.2 Safari/600.2.5 (Applebot/0.1; +http://www.apple.com/go/applebot)" "-"
199.16.157.181 - - [03/Apr/2018:09:04:47 -0400] "GET / HTTP/1.1" 200 72035 www.krow.network "-" "Twitterbot/1.0" "-"
185.204.1.60 - - [03/Apr/2018:09:05:26 -0400] "HEAD /www.krow.network-backup.7z HTTP/1.1" 404 - krow.network "http://krow.network/" "Mozilla/5.0 (Windows; U; Windows NT 6.1; en-US) AppleWebKit/534.16 (KHTML, like Gecko) Chrome/10.0.648.11 Safari/534.16" "-"
54.36.149.197 - - [03/Apr/2018:09:05:53 -0400] "GET / HTTP/1.1" 200 72035 www.krow.network "-" "Mozilla/5.0 (compatible; AhrefsBot/5.2; News; +http://ahrefs.com/robot/)" "-"
17.58.97.44 - - [03/Apr/2018:09:06:15 -0400] "GET / HTTP/1.1" 200 72035 krow.network "-" "Mozilla/5.0 (Macintosh; Intel Mac OS X 10_10_1) AppleWebKit/600.2.5 (KHTML, like Gecko) Version/8.0.2 Safari/600.2.5 (Applebot/0.1; +http://www.apple.com/go/applebot)" "-"
62.210.181.15 - - [03/Apr/2018:09:06:15 -0400] "HEAD / HTTP/1.1" 200 - krow.network "-" "Mozilla/5.0" "-"
17.58.97.44 - - [03/Apr/2018:09:06:15 -0400] "GET / HTTP/1.1" 200 72035 krow.network "-" "Mozilla/5.0 (Macintosh; Intel Mac OS X 10_10_1) AppleWebKit/600.2.5 (KHTML, like Gecko) Version/8.0.2 Safari/600.2.5 (Applebot/0.1; +http://www.apple.com/go/applebot)" "-"
199.59.150.182 - - [03/Apr/2018:09:06:15 -0400] "GET /robots.txt HTTP/1.1" 404 631 www.krow.network "-" "Twitterbot/1.0" "-"
199.59.150.182 - - [03/Apr/2018:09:06:16 -0400] "GET / HTTP/1.1" 200 72035 www.krow.network "-" "Twitterbot/1.0" "-"
54.36.148.35 - - [03/Apr/2018:09:06:33 -0400] "GET / HTTP/1.1" 200 72035 www.krow.network "-" "Mozilla/5.0 (compatible; AhrefsBot/5.2; +http://ahrefs.com/robot/)" "-"
163.172.65.111 - - [03/Apr/2018:09:06:34 -0400] "GET /assets/css/theme.css?ver=1.1 HTTP/1.1" 200 13097 www.krow.network "https://www.krow.network/" "Mozilla/5.0 (compatible; AhrefsBot/5.2; +http://ahrefs.com/robot/)" "-"
163.172.65.111 - - [03/Apr/2018:09:06:34 -0400] "GET /assets/css/vendor.bundle.css HTTP/1.1" 200 216959 www.krow.network "https://www.krow.network/" "Mozilla/5.0 (compatible; AhrefsBot/5.2; +http://ahrefs.com/robot/)" "-"
163.172.65.111 - - [03/Apr/2018:09:06:34 -0400] "GET /assets/js/jquery.bundle.js HTTP/1.1" 200 295087 www.krow.network "https://www.krow.network/" "Mozilla/5.0 (compatible; AhrefsBot/5.2; +http://ahrefs.com/robot/)" "-"
163.172.65.111 - - [03/Apr/2018:09:06:34 -0400] "GET /assets/css/style.css?ver=1.1 HTTP/1.1" 200 103367 www.krow.network "https://www.krow.network/" "Mozilla/5.0 (compatible; AhrefsBot/5.2; +http://ahrefs.com/robot/)" "-"
163.172.65.111 - - [03/Apr/2018:09:06:34 -0400] "GET /assets/js/script.js HTTP/1.1" 200 11203 www.krow.network "https://www.krow.network/" "Mozilla/5.0 (compatible; AhrefsBot/5.2; +http://ahrefs.com/robot/)" "-"
163.172.65.111 - - [03/Apr/2018:09:06:35 -0400] "GET /assets/fonts/Poppins-Light.woff2 HTTP/1.1" 200 49268 www.krow.network "https://www.krow.network/assets/css/style.css?ver=1.1" "Mozilla/5.0 (compatible; AhrefsBot/5.2; +http://ahrefs.com/robot/)" "-"
163.172.65.111 - - [03/Apr/2018:09:06:35 -0400] "GET /assets/fonts/themify.woff?-fvbane HTTP/1.1" 200 56108 www.krow.network "https://www.krow.network/assets/css/vendor.bundle.css" "Mozilla/5.0 (compatible; AhrefsBot/5.2; +http://ahrefs.com/robot/)" "-"
163.172.65.111 - - [03/Apr/2018:09:06:35 -0400] "GET /assets/fonts/fontawesome-webfont.woff2?v=4.7.0 HTTP/1.1" 200 77160 www.krow.network "https://www.krow.network/assets/css/vendor.bundle.css" "Mozilla/5.0 (compatible; AhrefsBot/5.2; +http://ahrefs.com/robot/)" "-"
163.172.65.111 - - [03/Apr/2018:09:06:35 -0400] "GET /assets/fonts/Poppins-SemiBold.woff2 HTTP/1.1" 200 48924 www.krow.network "https://www.krow.network/assets/css/style.css?ver=1.1" "Mozilla/5.0 (compatible; AhrefsBot/5.2; +http://ahrefs.com/robot/)" "-"
163.172.65.111 - - [03/Apr/2018:09:06:35 -0400] "GET /assets/fonts/Poppins-Medium.woff2 HTTP/1.1" 200 49368 www.krow.network "https://www.krow.network/assets/css/style.css?ver=1.1" "Mozilla/5.0 (compatible; AhrefsBot/5.2; +http://ahrefs.com/robot/)" "-"
163.172.65.111 - - [03/Apr/2018:09:06:35 -0400] "GET /assets/fonts/Poppins-Regular.woff2 HTTP/1.1" 200 49516 www.krow.network "https://www.krow.network/assets/css/style.css?ver=1.1" "Mozilla/5.0 (compatible; AhrefsBot/5.2; +http://ahrefs.com/robot/)" "-"
144.76.23.140 - - [03/Apr/2018:09:06:46 -0400] "GET /robots.txt HTTP/1.1" 404 631 krow.network "-" "Mozilla/5.0 (Windows NT 6.1; WOW64; rv:2.0b6pre) Gecko/20100903 Firefox/4.0b6pre" "-"
144.76.23.140 - - [03/Apr/2018:09:06:46 -0400] "GET / HTTP/1.1" 200 72035 krow.network "-" "Mozilla/5.0 (Windows NT 6.1; WOW64; rv:2.0b6pre) Gecko/20100903 Firefox/4.0b6pre" "-"
54.36.149.196 - - [03/Apr/2018:09:07:17 -0400] "GET / HTTP/1.1" 200 72035 krow.network "-" "Mozilla/5.0 (compatible; AhrefsBot/5.2; News; +http://ahrefs.com/robot/)" "-"
204.236.210.97 - - [03/Apr/2018:09:07:48 -0400] "HEAD / HTTP/1.1" 200 - krow.network "-" "curl/7.47.1" "-"
185.204.1.60 - - [03/Apr/2018:09:07:49 -0400] "HEAD /krow.network-backup.7z HTTP/1.1" 404 - www.krow.network "http://www.krow.network/" "Mozilla/5.0 (Windows; U; Windows NT 6.1; en-US) AppleWebKit/534.16 (KHTML, like Gecko) Chrome/10.0.648.11 Safari/534.16" "-"
52.27.2.86 - - [03/Apr/2018:09:08:11 -0400] "GET / HTTP/1.1" 200 72035 krow.network "-" "Mozilla/4.0 (compatible; MSIE 8.0; Windows NT 5.1; Trident/4.0)" "-"
82.192.87.237 - - [03/Apr/2018:09:08:44 -0400] "GET / HTTP/1.1" 200 72035 krow.network "-" "Java/1.8.0_131" "-"
68.195.141.1 - - [03/Apr/2018:09:09:56 -0400] "GET /images/krow-logo.png HTTP/1.1" 304 - www.krow.network "https://www.krow.network/" "Mozilla/5.0 (Linux; Android 7.0; SM-G950U1 Build/NRD90M) AppleWebKit/537.36 (KHTML, like Gecko) Chrome/65.0.3325.109 Mobile Safari/537.36" "-"
54.36.149.196 - - [03/Apr/2018:09:10:01 -0400] "GET / HTTP/1.1" 200 72035 krow.network "-" "Mozilla/5.0 (compatible; AhrefsBot/5.2; News; +http://ahrefs.com/robot/)" "-"
185.204.1.60 - - [03/Apr/2018:09:10:24 -0400] "HEAD /www.krow.networkbackup.rar HTTP/1.1" 404 - krow.network "http://krow.network/" "Mozilla/5.0 (Windows; U; Windows NT 6.1; en-US) AppleWebKit/534.16 (KHTML, like Gecko) Chrome/10.0.648.11 Safari/534.16" "-"
66.249.75.206 - - [03/Apr/2018:09:11:12 -0400] "GET / HTTP/1.1" 200 72035 www.krow.network "-" "Mozilla/5.0 (compatible; Googlebot/2.1; +http://www.google.com/bot.html)" "-"
68.197.141.82 - - [03/Apr/2018:09:11:12 -0400] "GET / HTTP/1.1" 200 72035 krow.network "-" "Mozilla/5.0 (Windows NT 6.1; WOW64) AppleWebKit/535.2 (KHTML, like Gecko) Chrome/15.0.874.121 Safari/535.2" "-"
185.204.1.60 - - [03/Apr/2018:09:12:48 -0400] "HEAD /krow.networkbackup.rar HTTP/1.1" 404 - www.krow.network "http://www.krow.network/" "Mozilla/5.0 (Windows; U; Windows NT 6.1; en-US) AppleWebKit/534.16 (KHTML, like Gecko) Chrome/10.0.648.11 Safari/534.16" "-"
68.197.141.82 - - [03/Apr/2018:09:13:40 -0400] "GET / HTTP/1.1" 200 72035 krow.network "-" "Mozilla/5.0 (Windows NT 6.1; WOW64) AppleWebKit/535.2 (KHTML, like Gecko) Chrome/15.0.874.121 Safari/535.2" "-"
185.204.1.60 - - [03/Apr/2018:09:15:24 -0400] "HEAD /www.krow.network-backup.rar HTTP/1.1" 404 - krow.network "http://krow.network/" "Mozilla/5.0 (Windows; U; Windows NT 6.1; en-US) AppleWebKit/534.16 (KHTML, like Gecko) Chrome/10.0.648.11 Safari/534.16" "-"
185.204.1.60 - - [03/Apr/2018:09:17:47 -0400] "HEAD /krow.network-backup.rar HTTP/1.1" 404 - www.krow.network "http://www.krow.network/" "Mozilla/5.0 (Windows; U; Windows NT 6.1; en-US) AppleWebKit/534.16 (KHTML, like Gecko) Chrome/10.0.648.11 Safari/534.16" "-"
2a01:4f8:172:2c84::2 - - [03/Apr/2018:09:19:54 -0400] "GET / HTTP/1.1" 206 72035 krow.network "https://t.co/vSZeAi9PNc" "Trendsmap Resolver/0.0.1" "-"
185.204.1.60 - - [03/Apr/2018:09:20:20 -0400] "HEAD /www.krow.networkbackup.sql HTTP/1.1" 404 - krow.network "http://krow.network/" "Mozilla/5.0 (Windows; U; Windows NT 6.1; en-US) AppleWebKit/534.16 (KHTML, like Gecko) Chrome/10.0.648.11 Safari/534.16" "-"
185.204.1.60 - - [03/Apr/2018:09:22:41 -0400] "HEAD /krow.networkbackup.sql HTTP/1.1" 404 - www.krow.network "http://www.krow.network/" "Mozilla/5.0 (Windows; U; Windows NT 6.1; en-US) AppleWebKit/534.16 (KHTML, like Gecko) Chrome/10.0.648.11 Safari/534.16" "-"
185.204.1.60 - - [03/Apr/2018:09:25:15 -0400] "HEAD /www.krow.network-backup.sql HTTP/1.1" 404 - krow.network "http://krow.network/" "Mozilla/5.0 (Windows; U; Windows NT 6.1; en-US) AppleWebKit/534.16 (KHTML, like Gecko) Chrome/10.0.648.11 Safari/534.16" "-"
185.204.1.60 - - [03/Apr/2018:09:27:37 -0400] "HEAD /krow.network-backup.sql HTTP/1.1" 404 - www.krow.network "http://www.krow.network/" "Mozilla/5.0 (Windows; U; Windows NT 6.1; en-US) AppleWebKit/534.16 (KHTML, like Gecko) Chrome/10.0.648.11 Safari/534.16" "-"
163.172.64.72 - - [03/Apr/2018:09:29:01 -0400] "HEAD / HTTP/1.1" 200 - krow.network "-" "-" "-"
163.172.64.72 - - [03/Apr/2018:09:29:01 -0400] "HEAD / HTTP/1.1" 200 - krow.network "-" "-" "-"
163.172.64.72 - - [03/Apr/2018:09:29:01 -0400] "HEAD / HTTP/1.1" 200 - krow.network "-" "-" "-"
52.49.79.6 - - [03/Apr/2018:09:29:01 -0400] "HEAD / HTTP/1.1" 200 - krow.network "-" "Mozilla/5.0 (Linux; Android 4.1; Galaxy Nexus Build/IMM76B) AppleWebKit/535.19 (KHTML, like Gecko) Chrome/18.0.1025.133 Mobile Safari/535.19 Luminator-ur/2.0" "-"
204.236.210.97 - - [03/Apr/2018:09:29:54 -0400] "HEAD / HTTP/1.1" 200 - krow.network "-" "curl/7.47.1" "-"
54.36.149.196 - - [03/Apr/2018:09:30:10 -0400] "GET / HTTP/1.1" 200 72035 krow.network "-" "Mozilla/5.0 (compatible; AhrefsBot/5.2; News; +http://ahrefs.com/robot/)" "-"
185.204.1.60 - - [03/Apr/2018:09:30:11 -0400] "HEAD /www.krow.networkbackup.sql.gz HTTP/1.1" 404 - krow.network "http://krow.network/" "Mozilla/5.0 (Windows; U; Windows NT 6.1; en-US) AppleWebKit/534.16 (KHTML, like Gecko) Chrome/10.0.648.11 Safari/534.16" "-"
144.76.22.51 - - [03/Apr/2018:09:31:25 -0400] "GET / HTTP/1.1" 200 72035 krow.network "-" "Mozilla/5.0 (X11; U; Linux i686; de; rv:1.9.1.8) Gecko/20100202 Firefox/3.5.8" "-"
185.204.1.60 - - [03/Apr/2018:09:32:35 -0400] "HEAD /krow.networkbackup.sql.gz HTTP/1.1" 404 - www.krow.network "http://www.krow.network/" "Mozilla/5.0 (Windows; U; Windows NT 6.1; en-US) AppleWebKit/534.16 (KHTML, like Gecko) Chrome/10.0.648.11 Safari/534.16" "-"
68.197.141.82 - - [03/Apr/2018:09:34:00 -0400] "GET / HTTP/1.1" 200 72035 krow.network "-" "Mozilla/5.0 (Windows NT 6.1; WOW64) AppleWebKit/535.2 (KHTML, like Gecko) Chrome/15.0.874.121 Safari/535.2" "-"
185.204.1.60 - - [03/Apr/2018:09:35:10 -0400] "HEAD /www.krow.network-backup.sql.gz HTTP/1.1" 404 - krow.network "http://krow.network/" "Mozilla/5.0 (Windows; U; Windows NT 6.1; en-US) AppleWebKit/534.16 (KHTML, like Gecko) Chrome/10.0.648.11 Safari/534.16" "-"
185.204.1.60 - - [03/Apr/2018:09:37:34 -0400] "HEAD /krow.network-backup.sql.gz HTTP/1.1" 404 - www.krow.network "http://www.krow.network/" "Mozilla/5.0 (Windows; U; Windows NT 6.1; en-US) AppleWebKit/534.16 (KHTML, like Gecko) Chrome/10.0.648.11 Safari/534.16" "-"
37.204.156.141 - - [03/Apr/2018:09:39:33 -0400] "GET /team HTTP/1.1" 404 631 www.krow.network "http://yandex.ru/clck/jsredir?from=yandex.ru%3Bsearch%3Bweb%3B%3B&text=&etext=1747.aCK5G-SubyKcrmbDjpH-RE4Ka10pDUTSfR07RMLKyn5w3UzKwk0GEwc6Mo5e5s_r.e48b268cac8b268c4d4501fc6b09fa14d034bfe2&uuid=&state=_BLhILn4SxNIvvL0W45KSic66uCIg23qh8iRG98qeIXmeppkgUc0YG-XUIUpxKrkaoPisARVvB8&data=UlNrNmk5WktYejY4cHFySjRXSWhXSlphalZKdDVEd0JiSV9Xb0g5d1UyU3JWMW05MDhHMjluV0VmZmNuUWRTZ2JVbHpLTUEwTWNqU1c3MXNlYm5XRjk2ZDNLV0daT0xwLWRaUlh2Q2xxMHM&b64e=2&sign=af6457f5ca96946b6b3cb2eedfa7c032&keyno=0&cst=AiuY0DBWFJ7IXge4WdYJQULnoVAFacUfc3v-e8uuZWJpAvhBk9ALUEfDBpcVy1IpSrOWberrMSXOtCOTw98yvExH7ux0RKEB6lNL_DbL-jSO72Wi05dei2x58lC-PMu-tWaDjtaXhlFUjh5_qxswMs7Bo9TmQ1Yj&ref=orjY4mGPRjk5boDnW0uvlrrd71vZw9kp5uQozpMtKCW8s5kfnNkNj6DMKWVJlBue0roltZmpH5iN8tRJP21RF4R83OD2e3hRi5MQu0hDO4mfSh3xNpFoXQ&l10n=ru&cts=1522762040166&mc=5.87445413674" "Mozilla/5.0 (compatible; MSIE 10.0; Windows NT 6.2; Trident/6.0; MASBJS)" "-"
185.204.1.60 - - [03/Apr/2018:09:40:07 -0400] "HEAD /www.krow.networkbackup.sql.tar HTTP/1.1" 404 - krow.network "http://krow.network/" "Mozilla/5.0 (Windows; U; Windows NT 6.1; en-US) AppleWebKit/534.16 (KHTML, like Gecko) Chrome/10.0.648.11 Safari/534.16" "-"
144.76.22.41 - - [03/Apr/2018:09:40:50 -0400] "GET / HTTP/1.1" 200 72035 www.krow.network "-" "Mozilla/5.0 (X11; U; Linux i686; en-GB; rv:1.9.0.10) Gecko/2009042513 Ubuntu/8.04 (hardy) Firefox/3.0.10" "-"
54.36.149.197 - - [03/Apr/2018:09:41:32 -0400] "GET / HTTP/1.1" 200 72035 www.krow.network "-" "Mozilla/5.0 (compatible; AhrefsBot/5.2; News; +http://ahrefs.com/robot/)" "-"
185.204.1.60 - - [03/Apr/2018:09:42:33 -0400] "HEAD /krow.networkbackup.sql.tar HTTP/1.1" 404 - www.krow.network "http://www.krow.network/" "Mozilla/5.0 (Windows; U; Windows NT 6.1; en-US) AppleWebKit/534.16 (KHTML, like Gecko) Chrome/10.0.648.11 Safari/534.16" "-"
185.204.1.60 - - [03/Apr/2018:09:45:06 -0400] "HEAD /www.krow.network-backup.sql.tar HTTP/1.1" 404 - krow.network "http://krow.network/" "Mozilla/5.0 (Windows; U; Windows NT 6.1; en-US) AppleWebKit/534.16 (KHTML, like Gecko) Chrome/10.0.648.11 Safari/534.16" "-"
185.204.1.60 - - [03/Apr/2018:09:47:28 -0400] "HEAD /krow.network-backup.sql.tar HTTP/1.1" 404 - www.krow.network "http://www.krow.network/" "Mozilla/5.0 (Windows; U; Windows NT 6.1; en-US) AppleWebKit/534.16 (KHTML, like Gecko) Chrome/10.0.648.11 Safari/534.16" "-"
66.175.212.144 - - [03/Apr/2018:09:47:48 -0400] "GET / HTTP/1.1" 200 72035 www.krow.network "-" "Mozilla/5.0 (compatible; EveryoneSocialBot/1.0; support@everyonesocial.com http://everyonesocial.com/)" "-"
185.204.1.60 - - [03/Apr/2018:09:50:00 -0400] "HEAD /www.krow.networkbackup.tar HTTP/1.1" 404 - krow.network "http://krow.network/" "Mozilla/5.0 (Windows; U; Windows NT 6.1; en-US) AppleWebKit/534.16 (KHTML, like Gecko) Chrome/10.0.648.11 Safari/534.16" "-"
185.204.1.60 - - [03/Apr/2018:09:52:24 -0400] "HEAD /krow.networkbackup.tar HTTP/1.1" 404 - www.krow.network "http://www.krow.network/" "Mozilla/5.0 (Windows; U; Windows NT 6.1; en-US) AppleWebKit/534.16 (KHTML, like Gecko) Chrome/10.0.648.11 Safari/534.16" "-"
17.58.97.44 - - [03/Apr/2018:09:52:54 -0400] "GET / HTTP/1.1" 200 72035 www.krow.network "-" "Mozilla/5.0 (Macintosh; Intel Mac OS X 10_10_1) AppleWebKit/600.2.5 (KHTML, like Gecko) Version/8.0.2 Safari/600.2.5 (Applebot/0.1; +http://www.apple.com/go/applebot)" "-"
17.58.97.44 - - [03/Apr/2018:09:52:54 -0400] "GET / HTTP/1.1" 200 72035 www.krow.network "-" "Mozilla/5.0 (Macintosh; Intel Mac OS X 10_10_1) AppleWebKit/600.2.5 (KHTML, like Gecko) Version/8.0.2 Safari/600.2.5 (Applebot/0.1; +http://www.apple.com/go/applebot)" "-"
2a03:2880:2120:3ff1:face:b00c:0:8000 - - [03/Apr/2018:09:53:32 -0400] "GET /images/info-1.png HTTP/1.1" 200 106356 www.krow.network "-" "facebookexternalhit/1.1 (+http://www.facebook.com/externalhit_uatext.php)" "-"
185.204.1.60 - - [03/Apr/2018:09:54:56 -0400] "HEAD /www.krow.network-backup.tar HTTP/1.1" 404 - krow.network "http://krow.network/" "Mozilla/5.0 (Windows; U; Windows NT 6.1; en-US) AppleWebKit/534.16 (KHTML, like Gecko) Chrome/10.0.648.11 Safari/534.16" "-"
185.204.1.60 - - [03/Apr/2018:09:57:21 -0400] "HEAD /krow.network-backup.tar HTTP/1.1" 404 - www.krow.network "http://www.krow.network/" "Mozilla/5.0 (Windows; U; Windows NT 6.1; en-US) AppleWebKit/534.16 (KHTML, like Gecko) Chrome/10.0.648.11 Safari/534.16" "-"
185.204.1.60 - - [03/Apr/2018:09:59:54 -0400] "HEAD /www.krow.networkbackup.tar.gz HTTP/1.1" 404 - krow.network "http://krow.network/" "Mozilla/5.0 (Windows; U; Windows NT 6.1; en-US) AppleWebKit/534.16 (KHTML, like Gecko) Chrome/10.0.648.11 Safari/534.16" "-"
185.204.1.60 - - [03/Apr/2018:10:02:18 -0400] "HEAD /krow.networkbackup.tar.gz HTTP/1.1" 404 - www.krow.network "http://www.krow.network/" "Mozilla/5.0 (Windows; U; Windows NT 6.1; en-US) AppleWebKit/534.16 (KHTML, like Gecko) Chrome/10.0.648.11 Safari/534.16" "-"
185.204.1.60 - - [03/Apr/2018:10:04:50 -0400] "HEAD /www.krow.network-backup.tar.gz HTTP/1.1" 404 - krow.network "http://krow.network/" "Mozilla/5.0 (Windows; U; Windows NT 6.1; en-US) AppleWebKit/534.16 (KHTML, like Gecko) Chrome/10.0.648.11 Safari/534.16" "-"
2a03:2880:1011:6fdb:face:b00c:0:8000 - - [03/Apr/2018:10:06:51 -0400] "GET /images/info-1.png HTTP/1.1" 200 106356 krow.network "-" "facebookexternalhit/1.1 (+http://www.facebook.com/externalhit_uatext.php)" "-"
185.204.1.60 - - [03/Apr/2018:10:07:16 -0400] "HEAD /krow.network-backup.tar.gz HTTP/1.1" 404 - www.krow.network "http://www.krow.network/" "Mozilla/5.0 (Windows; U; Windows NT 6.1; en-US) AppleWebKit/534.16 (KHTML, like Gecko) Chrome/10.0.648.11 Safari/534.16" "-"
185.204.1.60 - - [03/Apr/2018:10:09:49 -0400] "HEAD /www.krow.networkbackup.zip HTTP/1.1" 404 - krow.network "http://krow.network/" "Mozilla/5.0 (Windows; U; Windows NT 6.1; en-US) AppleWebKit/534.16 (KHTML, like Gecko) Chrome/10.0.648.11 Safari/534.16" "-"
185.204.1.60 - - [03/Apr/2018:10:12:15 -0400] "HEAD /krow.networkbackup.zip HTTP/1.1" 404 - www.krow.network "http://www.krow.network/" "Mozilla/5.0 (Windows; U; Windows NT 6.1; en-US) AppleWebKit/534.16 (KHTML, like Gecko) Chrome/10.0.648.11 Safari/534.16" "-"
185.204.1.60 - - [03/Apr/2018:10:14:47 -0400] "HEAD /www.krow.network-backup.zip HTTP/1.1" 404 - krow.network "http://krow.network/" "Mozilla/5.0 (Windows; U; Windows NT 6.1; en-US) AppleWebKit/534.16 (KHTML, like Gecko) Chrome/10.0.648.11 Safari/534.16" "-"
2a03:2880:21:1fe6:face:b00c:0:8000 - - [03/Apr/2018:10:14:51 -0400] "GET /images/info-1.png HTTP/1.1" 200 106356 www.krow.network "-" "facebookexternalhit/1.1 (+http://www.facebook.com/externalhit_uatext.php)" "-"
185.204.1.60 - - [03/Apr/2018:10:17:15 -0400] "HEAD /krow.network-backup.zip HTTP/1.1" 404 - www.krow.network "http://www.krow.network/" "Mozilla/5.0 (Windows; U; Windows NT 6.1; en-US) AppleWebKit/534.16 (KHTML, like Gecko) Chrome/10.0.648.11 Safari/534.16" "-"
185.204.1.60 - - [03/Apr/2018:10:19:45 -0400] "HEAD /www.krow.network-database.7z HTTP/1.1" 404 - krow.network "http://krow.network/" "Mozilla/5.0 (Windows; U; Windows NT 6.1; en-US) AppleWebKit/534.16 (KHTML, like Gecko) Chrome/10.0.648.11 Safari/534.16" "-"
175.158.233.128 - - [03/Apr/2018:10:20:56 -0400] "GET / HTTP/1.1" 200 72035 www.krow.network "https://www.coinschedule.com/ico/krow-network" "Mozilla/5.0 (Windows NT 10.0; Win64; x64) AppleWebKit/537.36 (KHTML, like Gecko) Chrome/65.0.3325.181 Safari/537.36" "-"
175.158.233.128 - - [03/Apr/2018:10:20:57 -0400] "GET /assets/css/vendor.bundle.css HTTP/1.1" 200 216959 www.krow.network "https://www.krow.network/" "Mozilla/5.0 (Windows NT 10.0; Win64; x64) AppleWebKit/537.36 (KHTML, like Gecko) Chrome/65.0.3325.181 Safari/537.36" "-"
175.158.233.128 - - [03/Apr/2018:10:20:57 -0400] "GET /assets/css/style.css?ver=1.1 HTTP/1.1" 200 103367 www.krow.network "https://www.krow.network/" "Mozilla/5.0 (Windows NT 10.0; Win64; x64) AppleWebKit/537.36 (KHTML, like Gecko) Chrome/65.0.3325.181 Safari/537.36" "-"
175.158.233.128 - - [03/Apr/2018:10:20:57 -0400] "GET /images/info-1.png HTTP/1.1" 200 106356 www.krow.network "https://www.krow.network/" "Mozilla/5.0 (Windows NT 10.0; Win64; x64) AppleWebKit/537.36 (KHTML, like Gecko) Chrome/65.0.3325.181 Safari/537.36" "-"
175.158.233.128 - - [03/Apr/2018:10:20:57 -0400] "GET /assets/css/theme.css?ver=1.1 HTTP/1.1" 200 13097 www.krow.network "https://www.krow.network/" "Mozilla/5.0 (Windows NT 10.0; Win64; x64) AppleWebKit/537.36 (KHTML, like Gecko) Chrome/65.0.3325.181 Safari/537.36" "-"
175.158.233.128 - - [03/Apr/2018:10:20:57 -0400] "GET /images/header-2.png HTTP/1.1" 200 4587 www.krow.network "https://www.krow.network/" "Mozilla/5.0 (Windows NT 10.0; Win64; x64) AppleWebKit/537.36 (KHTML, like Gecko) Chrome/65.0.3325.181 Safari/537.36" "-"
175.158.233.128 - - [03/Apr/2018:10:20:57 -0400] "GET /images/690.png HTTP/1.1" 200 59169 www.krow.network "https://www.krow.network/" "Mozilla/5.0 (Windows NT 10.0; Win64; x64) AppleWebKit/537.36 (KHTML, like Gecko) Chrome/65.0.3325.181 Safari/537.36" "-"
175.158.233.128 - - [03/Apr/2018:10:20:57 -0400] "GET /images/Mac-and-iphone.png HTTP/1.1" 200 119860 www.krow.network "https://www.krow.network/" "Mozilla/5.0 (Windows NT 10.0; Win64; x64) AppleWebKit/537.36 (KHTML, like Gecko) Chrome/65.0.3325.181 Safari/537.36" "-"
175.158.233.128 - - [03/Apr/2018:10:20:57 -0400] "GET /images/Vector-Smart-Object2.png HTTP/1.1" 200 35517 www.krow.network "https://www.krow.network/" "Mozilla/5.0 (Windows NT 10.0; Win64; x64) AppleWebKit/537.36 (KHTML, like Gecko) Chrome/65.0.3325.181 Safari/537.36" "-"
175.158.233.128 - - [03/Apr/2018:10:20:58 -0400] "GET /assets/js/jquery.bundle.js HTTP/1.1" 200 295087 www.krow.network "https://www.krow.network/" "Mozilla/5.0 (Windows NT 10.0; Win64; x64) AppleWebKit/537.36 (KHTML, like Gecko) Chrome/65.0.3325.181 Safari/537.36" "-"
175.158.233.128 - - [03/Apr/2018:10:20:58 -0400] "GET /assets/js/script.js HTTP/1.1" 200 11203 www.krow.network "https://www.krow.network/" "Mozilla/5.0 (Windows NT 10.0; Win64; x64) AppleWebKit/537.36 (KHTML, like Gecko) Chrome/65.0.3325.181 Safari/537.36" "-"
175.158.233.128 - - [03/Apr/2018:10:20:58 -0400] "GET /images/Vector-Smart-Object13.png HTTP/1.1" 200 27173 www.krow.network "https://www.krow.network/" "Mozilla/5.0 (Windows NT 10.0; Win64; x64) AppleWebKit/537.36 (KHTML, like Gecko) Chrome/65.0.3325.181 Safari/537.36" "-"
175.158.233.128 - - [03/Apr/2018:10:20:58 -0400] "GET /assets/images/footer-bg.png HTTP/1.1" 200 14762 www.krow.network "https://www.krow.network/assets/css/style.css?ver=1.1" "Mozilla/5.0 (Windows NT 10.0; Win64; x64) AppleWebKit/537.36 (KHTML, like Gecko) Chrome/65.0.3325.181 Safari/537.36" "-"
175.158.233.128 - - [03/Apr/2018:10:20:58 -0400] "GET /assets/images/header-bottom.png HTTP/1.1" 200 26959 www.krow.network "https://www.krow.network/assets/css/style.css?ver=1.1" "Mozilla/5.0 (Windows NT 10.0; Win64; x64) AppleWebKit/537.36 (KHTML, like Gecko) Chrome/65.0.3325.181 Safari/537.36" "-"
175.158.233.128 - - [03/Apr/2018:10:20:58 -0400] "GET /assets/images/particle-left.png HTTP/1.1" 200 5431 www.krow.network "https://www.krow.network/assets/css/style.css?ver=1.1" "Mozilla/5.0 (Windows NT 10.0; Win64; x64) AppleWebKit/537.36 (KHTML, like Gecko) Chrome/65.0.3325.181 Safari/537.36" "-"
175.158.233.128 - - [03/Apr/2018:10:20:58 -0400] "GET /assets/fonts/Poppins-Medium.woff2 HTTP/1.1" 200 49368 www.krow.network "https://www.krow.network/assets/css/style.css?ver=1.1" "Mozilla/5.0 (Windows NT 10.0; Win64; x64) AppleWebKit/537.36 (KHTML, like Gecko) Chrome/65.0.3325.181 Safari/537.36" "-"
175.158.233.128 - - [03/Apr/2018:10:20:58 -0400] "GET /assets/images/particle-right.png HTTP/1.1" 200 6275 www.krow.network "https://www.krow.network/assets/css/style.css?ver=1.1" "Mozilla/5.0 (Windows NT 10.0; Win64; x64) AppleWebKit/537.36 (KHTML, like Gecko) Chrome/65.0.3325.181 Safari/537.36" "-"
175.158.233.128 - - [03/Apr/2018:10:20:59 -0400] "GET /assets/fonts/Poppins-SemiBold.woff2 HTTP/1.1" 200 48924 www.krow.network "https://www.krow.network/assets/css/style.css?ver=1.1" "Mozilla/5.0 (Windows NT 10.0; Win64; x64) AppleWebKit/537.36 (KHTML, like Gecko) Chrome/65.0.3325.181 Safari/537.36" "-"
175.158.233.128 - - [03/Apr/2018:10:20:59 -0400] "GET /assets/fonts/fontawesome-webfont.woff2?v=4.7.0 HTTP/1.1" 200 77160 www.krow.network "https://www.krow.network/assets/css/vendor.bundle.css" "Mozilla/5.0 (Windows NT 10.0; Win64; x64) AppleWebKit/537.36 (KHTML, like Gecko) Chrome/65.0.3325.181 Safari/537.36" "-"
175.158.233.128 - - [03/Apr/2018:10:20:59 -0400] "GET /assets/fonts/Poppins-Light.woff2 HTTP/1.1" 200 49268 www.krow.network "https://www.krow.network/assets/css/style.css?ver=1.1" "Mozilla/5.0 (Windows NT 10.0; Win64; x64) AppleWebKit/537.36 (KHTML, like Gecko) Chrome/65.0.3325.181 Safari/537.36" "-"
175.158.233.128 - - [03/Apr/2018:10:20:59 -0400] "GET /assets/fonts/Poppins-Regular.woff2 HTTP/1.1" 200 49516 www.krow.network "https://www.krow.network/assets/css/style.css?ver=1.1" "Mozilla/5.0 (Windows NT 10.0; Win64; x64) AppleWebKit/537.36 (KHTML, like Gecko) Chrome/65.0.3325.181 Safari/537.36" "-"
175.158.233.128 - - [03/Apr/2018:10:20:59 -0400] "GET /assets/fonts/themify.woff?-fvbane HTTP/1.1" 200 56108 www.krow.network "https://www.krow.network/assets/css/vendor.bundle.css" "Mozilla/5.0 (Windows NT 10.0; Win64; x64) AppleWebKit/537.36 (KHTML, like Gecko) Chrome/65.0.3325.181 Safari/537.36" "-"
175.158.233.128 - - [03/Apr/2018:10:21:03 -0400] "GET /images/krow-logo.png HTTP/1.1" 200 29210 www.krow.network "https://www.krow.network/" "Mozilla/5.0 (Windows NT 10.0; Win64; x64) AppleWebKit/537.36 (KHTML, like Gecko) Chrome/65.0.3325.181 Safari/537.36" "-"
185.204.1.60 - - [03/Apr/2018:10:22:11 -0400] "HEAD /krow.network-database.7z HTTP/1.1" 404 - www.krow.network "http://www.krow.network/" "Mozilla/5.0 (Windows; U; Windows NT 6.1; en-US) AppleWebKit/534.16 (KHTML, like Gecko) Chrome/10.0.648.11 Safari/534.16" "-"
185.204.1.60 - - [03/Apr/2018:10:24:43 -0400] "HEAD /www.krow.network-database.rar HTTP/1.1" 404 - krow.network "http://krow.network/" "Mozilla/5.0 (Windows; U; Windows NT 6.1; en-US) AppleWebKit/534.16 (KHTML, like Gecko) Chrome/10.0.648.11 Safari/534.16" "-"
185.204.1.60 - - [03/Apr/2018:10:27:10 -0400] "HEAD /krow.network-database.rar HTTP/1.1" 404 - www.krow.network "http://www.krow.network/" "Mozilla/5.0 (Windows; U; Windows NT 6.1; en-US) AppleWebKit/534.16 (KHTML, like Gecko) Chrome/10.0.648.11 Safari/534.16" "-"
185.204.1.60 - - [03/Apr/2018:10:29:42 -0400] "HEAD /www.krow.network-database.sql HTTP/1.1" 404 - krow.network "http://krow.network/" "Mozilla/5.0 (Windows; U; Windows NT 6.1; en-US) AppleWebKit/534.16 (KHTML, like Gecko) Chrome/10.0.648.11 Safari/534.16" "-"
185.204.1.60 - - [03/Apr/2018:10:32:06 -0400] "HEAD /krow.network-database.sql HTTP/1.1" 404 - www.krow.network "http://www.krow.network/" "Mozilla/5.0 (Windows; U; Windows NT 6.1; en-US) AppleWebKit/534.16 (KHTML, like Gecko) Chrome/10.0.648.11 Safari/534.16" "-"
185.204.1.60 - - [03/Apr/2018:10:34:42 -0400] "HEAD /www.krow.network-database.sql.gz HTTP/1.1" 404 - krow.network "http://krow.network/" "Mozilla/5.0 (Windows; U; Windows NT 6.1; en-US) AppleWebKit/534.16 (KHTML, like Gecko) Chrome/10.0.648.11 Safari/534.16" "-"
220.156.94.1 - - [03/Apr/2018:10:35:54 -0400] "GET /wp-login.php HTTP/1.1" 404 631 www.krow.network "-" "Mozilla/5.0 (Windows NT 6.1; WOW64; rv:40.0) Gecko/20100101 Firefox/40.1" "-"
220.156.94.1 - - [03/Apr/2018:10:35:54 -0400] "GET / HTTP/1.1" 200 72035 www.krow.network "-" "Mozilla/5.0 (Windows NT 6.1; WOW64; rv:40.0) Gecko/20100101 Firefox/40.1" "-"
185.204.1.60 - - [03/Apr/2018:10:37:07 -0400] "HEAD /krow.network-database.sql.gz HTTP/1.1" 404 - www.krow.network "http://www.krow.network/" "Mozilla/5.0 (Windows; U; Windows NT 6.1; en-US) AppleWebKit/534.16 (KHTML, like Gecko) Chrome/10.0.648.11 Safari/534.16" "-"
185.204.1.60 - - [03/Apr/2018:10:39:39 -0400] "HEAD /www.krow.network-database.sql.tar HTTP/1.1" 404 - krow.network "http://krow.network/" "Mozilla/5.0 (Windows; U; Windows NT 6.1; en-US) AppleWebKit/534.16 (KHTML, like Gecko) Chrome/10.0.648.11 Safari/534.16" "-"
185.204.1.60 - - [03/Apr/2018:10:42:10 -0400] "HEAD /krow.network-database.sql.tar HTTP/1.1" 404 - www.krow.network "http://www.krow.network/" "Mozilla/5.0 (Windows; U; Windows NT 6.1; en-US) AppleWebKit/534.16 (KHTML, like Gecko) Chrome/10.0.648.11 Safari/534.16" "-"
17.58.97.44 - - [03/Apr/2018:10:42:18 -0400] "GET / HTTP/1.1" 200 72035 krow.network "-" "Mozilla/5.0 (Macintosh; Intel Mac OS X 10_10_1) AppleWebKit/600.2.5 (KHTML, like Gecko) Version/8.0.2 Safari/600.2.5 (Applebot/0.1; +http://www.apple.com/go/applebot)" "-"
144.76.23.234 - - [03/Apr/2018:10:42:53 -0400] "GET /robots.txt HTTP/1.1" 404 631 krow.network "-" "Mozilla/5.0 (X11; U; Linux i686; cs-CZ; rv:1.8.0.10) Gecko/20070313 Fedora/1.5.0.10-5.fc6 Firefox/1.5.0.10" "-"
144.76.23.234 - - [03/Apr/2018:10:42:54 -0400] "GET / HTTP/1.1" 200 72035 krow.network "-" "Mozilla/5.0 (X11; U; Linux i686; cs-CZ; rv:1.8.0.10) Gecko/20070313 Fedora/1.5.0.10-5.fc6 Firefox/1.5.0.10" "-"
52.27.2.86 - - [03/Apr/2018:10:43:37 -0400] "GET / HTTP/1.1" 200 72035 krow.network "-" "Mozilla/4.0 (compatible; MSIE 8.0; Windows NT 5.1; Trident/4.0)" "-"
36.74.226.12 - - [03/Apr/2018:10:44:23 -0400] "GET / HTTP/1.1" 200 72035 www.krow.network "-" "Mozilla/5.0 (Windows NT 5.1) AppleWebKit/537.36 (KHTML, like Gecko) Chrome/43.0.2357.124 Safari/537.36" "-"
36.74.226.12 - - [03/Apr/2018:10:44:25 -0400] "GET /assets/css/style.css?ver=1.1 HTTP/1.1" 200 103367 www.krow.network "https://www.krow.network/" "Mozilla/5.0 (Windows NT 5.1) AppleWebKit/537.36 (KHTML, like Gecko) Chrome/43.0.2357.124 Safari/537.36" "-"
36.74.226.12 - - [03/Apr/2018:10:44:25 -0400] "GET /assets/css/vendor.bundle.css HTTP/1.1" 200 216959 www.krow.network "https://www.krow.network/" "Mozilla/5.0 (Windows NT 5.1) AppleWebKit/537.36 (KHTML, like Gecko) Chrome/43.0.2357.124 Safari/537.36" "-"
36.74.226.12 - - [03/Apr/2018:10:44:26 -0400] "GET /assets/css/theme.css?ver=1.1 HTTP/1.1" 200 13097 www.krow.network "https://www.krow.network/" "Mozilla/5.0 (Windows NT 5.1) AppleWebKit/537.36 (KHTML, like Gecko) Chrome/43.0.2357.124 Safari/537.36" "-"
36.74.226.12 - - [03/Apr/2018:10:44:27 -0400] "GET /assets/js/jquery.bundle.js HTTP/1.1" 200 295087 www.krow.network "https://www.krow.network/" "Mozilla/5.0 (Windows NT 5.1) AppleWebKit/537.36 (KHTML, like Gecko) Chrome/43.0.2357.124 Safari/537.36" "-"
36.74.226.12 - - [03/Apr/2018:10:44:27 -0400] "GET /assets/js/script.js HTTP/1.1" 200 11203 www.krow.network "https://www.krow.network/" "Mozilla/5.0 (Windows NT 5.1) AppleWebKit/537.36 (KHTML, like Gecko) Chrome/43.0.2357.124 Safari/537.36" "-"
36.74.226.12 - - [03/Apr/2018:10:44:27 -0400] "GET /images/header-2.png HTTP/1.1" 200 4587 www.krow.network "https://www.krow.network/" "Mozilla/5.0 (Windows NT 5.1) AppleWebKit/537.36 (KHTML, like Gecko) Chrome/43.0.2357.124 Safari/537.36" "-"
36.74.226.12 - - [03/Apr/2018:10:44:28 -0400] "GET /images/info-1.png HTTP/1.1" 200 106356 www.krow.network "https://www.krow.network/" "Mozilla/5.0 (Windows NT 5.1) AppleWebKit/537.36 (KHTML, like Gecko) Chrome/43.0.2357.124 Safari/537.36" "-"
36.74.226.12 - - [03/Apr/2018:10:44:36 -0400] "GET /images/690.png HTTP/1.1" 200 59169 www.krow.network "https://www.krow.network/" "Mozilla/5.0 (Windows NT 5.1) AppleWebKit/537.36 (KHTML, like Gecko) Chrome/43.0.2357.124 Safari/537.36" "-"
36.74.226.12 - - [03/Apr/2018:10:44:36 -0400] "GET /images/Vector-Smart-Object2.png HTTP/1.1" 200 35517 www.krow.network "https://www.krow.network/" "Mozilla/5.0 (Windows NT 5.1) AppleWebKit/537.36 (KHTML, like Gecko) Chrome/43.0.2357.124 Safari/537.36" "-"
36.74.226.12 - - [03/Apr/2018:10:44:36 -0400] "GET /images/Vector-Smart-Object13.png HTTP/1.1" 200 27173 www.krow.network "https://www.krow.network/" "Mozilla/5.0 (Windows NT 5.1) AppleWebKit/537.36 (KHTML, like Gecko) Chrome/43.0.2357.124 Safari/537.36" "-"
36.74.226.12 - - [03/Apr/2018:10:44:36 -0400] "GET /images/Mac-and-iphone.png HTTP/1.1" 200 119860 www.krow.network "https://www.krow.network/" "Mozilla/5.0 (Windows NT 5.1) AppleWebKit/537.36 (KHTML, like Gecko) Chrome/43.0.2357.124 Safari/537.36" "-"
36.74.226.12 - - [03/Apr/2018:10:44:36 -0400] "GET /assets/fonts/fontawesome-webfont.woff2?v=4.7.0 HTTP/1.1" 200 77160 www.krow.network "https://www.krow.network/assets/css/vendor.bundle.css" "Mozilla/5.0 (Windows NT 5.1) AppleWebKit/537.36 (KHTML, like Gecko) Chrome/43.0.2357.124 Safari/537.36" "-"
36.74.226.12 - - [03/Apr/2018:10:44:38 -0400] "GET /assets/fonts/Poppins-Light.woff2 HTTP/1.1" 200 49268 www.krow.network "https://www.krow.network/assets/css/style.css?ver=1.1" "Mozilla/5.0 (Windows NT 5.1) AppleWebKit/537.36 (KHTML, like Gecko) Chrome/43.0.2357.124 Safari/537.36" "-"
36.74.226.12 - - [03/Apr/2018:10:44:39 -0400] "GET /assets/fonts/Poppins-SemiBold.woff2 HTTP/1.1" 200 48924 www.krow.network "https://www.krow.network/assets/css/style.css?ver=1.1" "Mozilla/5.0 (Windows NT 5.1) AppleWebKit/537.36 (KHTML, like Gecko) Chrome/43.0.2357.124 Safari/537.36" "-"
36.74.226.12 - - [03/Apr/2018:10:44:42 -0400] "GET /assets/fonts/Poppins-Regular.woff2 HTTP/1.1" 200 49516 www.krow.network "https://www.krow.network/assets/css/style.css?ver=1.1" "Mozilla/5.0 (Windows NT 5.1) AppleWebKit/537.36 (KHTML, like Gecko) Chrome/43.0.2357.124 Safari/537.36" "-"
36.74.226.12 - - [03/Apr/2018:10:44:43 -0400] "GET /assets/fonts/Poppins-Medium.woff2 HTTP/1.1" 200 49368 www.krow.network "https://www.krow.network/assets/css/style.css?ver=1.1" "Mozilla/5.0 (Windows NT 5.1) AppleWebKit/537.36 (KHTML, like Gecko) Chrome/43.0.2357.124 Safari/537.36" "-"
36.74.226.12 - - [03/Apr/2018:10:44:44 -0400] "GET /assets/fonts/themify.woff?-fvbane HTTP/1.1" 200 56108 www.krow.network "https://www.krow.network/assets/css/vendor.bundle.css" "Mozilla/5.0 (Windows NT 5.1) AppleWebKit/537.36 (KHTML, like Gecko) Chrome/43.0.2357.124 Safari/537.36" "-"
36.74.226.12 - - [03/Apr/2018:10:44:45 -0400] "GET /assets/images/particle-left.png HTTP/1.1" 200 5431 www.krow.network "https://www.krow.network/assets/css/style.css?ver=1.1" "Mozilla/5.0 (Windows NT 5.1) AppleWebKit/537.36 (KHTML, like Gecko) Chrome/43.0.2357.124 Safari/537.36" "-"
36.74.226.12 - - [03/Apr/2018:10:44:46 -0400] "GET /assets/images/header-bottom.png HTTP/1.1" 200 26959 www.krow.network "https://www.krow.network/assets/css/style.css?ver=1.1" "Mozilla/5.0 (Windows NT 5.1) AppleWebKit/537.36 (KHTML, like Gecko) Chrome/43.0.2357.124 Safari/537.36" "-"
36.74.226.12 - - [03/Apr/2018:10:44:47 -0400] "GET /assets/images/particle-right.png HTTP/1.1" 200 6275 www.krow.network "https://www.krow.network/assets/css/style.css?ver=1.1" "Mozilla/5.0 (Windows NT 5.1) AppleWebKit/537.36 (KHTML, like Gecko) Chrome/43.0.2357.124 Safari/537.36" "-"
36.74.226.12 - - [03/Apr/2018:10:44:47 -0400] "GET /assets/images/footer-bg.png HTTP/1.1" 200 14762 www.krow.network "https://www.krow.network/assets/css/style.css?ver=1.1" "Mozilla/5.0 (Windows NT 5.1) AppleWebKit/537.36 (KHTML, like Gecko) Chrome/43.0.2357.124 Safari/537.36" "-"
185.204.1.60 - - [03/Apr/2018:10:44:48 -0400] "HEAD /www.krow.network-database.tar HTTP/1.1" 404 - krow.network "http://krow.network/" "Mozilla/5.0 (Windows; U; Windows NT 6.1; en-US) AppleWebKit/534.16 (KHTML, like Gecko) Chrome/10.0.648.11 Safari/534.16" "-"
54.236.118.228 - - [03/Apr/2018:10:44:50 -0400] "GET /sitemap.xml HTTP/1.1" 404 631 www.krow.network "https://www.google.com/" "Mozilla/5.0 (X11; U; Linux i686; en-US; rv:1.8.1.12) Gecko/20080219 Firefox/2.0.0.12 Navigator/9.0.0.6" "-"
144.76.22.41 - - [03/Apr/2018:10:45:24 -0400] "GET /robots.txt HTTP/1.1" 404 631 www.krow.network "-" "Mozilla/5.0 (X11; U; Linux i686; pl-PL; rv:1.8.1.2) Gecko/20060601 Firefox/2.0.0.2 (Ubuntu-edgy)" "-"
144.76.22.41 - - [03/Apr/2018:10:45:25 -0400] "GET / HTTP/1.1" 200 72035 www.krow.network "-" "Mozilla/5.0 (X11; U; Linux i686; pl-PL; rv:1.8.1.2) Gecko/20060601 Firefox/2.0.0.2 (Ubuntu-edgy)" "-"
54.36.149.197 - - [03/Apr/2018:10:45:56 -0400] "GET / HTTP/1.1" 200 72035 www.krow.network "-" "Mozilla/5.0 (compatible; AhrefsBot/5.2; News; +http://ahrefs.com/robot/)" "-"
216.126.224.184 - - [03/Apr/2018:10:46:08 -0400] "GET / HTTP/1.1" 200 72035 www.krow.network "-" "Mozilla/5.0 (Windows NT 10.0; WOW64) AppleWebKit/537.36 (KHTML, like Gecko) Chrome/20.0.1132.57 Safari/537.36" "-"
216.126.224.184 - - [03/Apr/2018:10:46:08 -0400] "GET /assets/js/jquery.bundle.js HTTP/1.1" 200 295087 www.krow.network "https://www.krow.network/" "Mozilla/5.0 (Windows NT 10.0; WOW64) AppleWebKit/537.36 (KHTML, like Gecko) Chrome/20.0.1132.57 Safari/537.36" "-"
216.126.224.184 - - [03/Apr/2018:10:46:08 -0400] "GET /assets/js/script.js HTTP/1.1" 200 11203 www.krow.network "https://www.krow.network/" "Mozilla/5.0 (Windows NT 10.0; WOW64) AppleWebKit/537.36 (KHTML, like Gecko) Chrome/20.0.1132.57 Safari/537.36" "-"
216.126.224.184 - - [03/Apr/2018:10:46:08 -0400] "GET /assets/css/vendor.bundle.css HTTP/1.1" 200 216959 www.krow.network "https://www.krow.network/" "Mozilla/5.0 (Windows NT 10.0; WOW64) AppleWebKit/537.36 (KHTML, like Gecko) Chrome/20.0.1132.57 Safari/537.36" "-"
216.126.224.184 - - [03/Apr/2018:10:46:09 -0400] "GET /assets/css/style.css?ver=1.1 HTTP/1.1" 200 103367 www.krow.network "https://www.krow.network/" "Mozilla/5.0 (Windows NT 10.0; WOW64) AppleWebKit/537.36 (KHTML, like Gecko) Chrome/20.0.1132.57 Safari/537.36" "-"
216.126.224.184 - - [03/Apr/2018:10:46:09 -0400] "GET /assets/css/theme.css?ver=1.1 HTTP/1.1" 200 13097 www.krow.network "https://www.krow.network/" "Mozilla/5.0 (Windows NT 10.0; WOW64) AppleWebKit/537.36 (KHTML, like Gecko) Chrome/20.0.1132.57 Safari/537.36" "-"
216.126.224.184 - - [03/Apr/2018:10:46:14 -0400] "GET /assets/fonts/fontawesome-webfont.eot?v=4.7.0 HTTP/1.1" 200 165742 www.krow.network "https://www.krow.network/assets/css/vendor.bundle.css" "Mozilla/5.0 (Windows NT 10.0; WOW64) AppleWebKit/537.36 (KHTML, like Gecko) Chrome/20.0.1132.57 Safari/537.36" "-"
